procs:1,test:1
Number of processes 1

Timing results,io, io+meta
6.309897
6.341531

procs:1,test:2
Number of processes 1

Timing results,io, io+meta
6.346802
6.377727

procs:1,test:3
Number of processes 1

Timing results,io, io+meta
6.330196
6.363866

procs:2,test:1
Number of processes 2

Timing results,io, io+meta
8.176394
8.204394

procs:2,test:2
Number of processes 2

Timing results,io, io+meta
7.848965
7.880520

procs:2,test:3
Number of processes 2

Timing results,io, io+meta
8.707300
8.741202

procs:4,test:1
Number of processes 4

Timing results,io, io+meta
11.546995
11.573887

procs:4,test:2
Number of processes 4

Timing results,io, io+meta
10.727890
10.754109

procs:4,test:3
Number of processes 4

Timing results,io, io+meta
12.060855
12.088690

procs:8,test:1
Number of processes 8

Timing results,io, io+meta
18.916414
18.950783

procs:8,test:2
Number of processes 8

Timing results,io, io+meta
24.225290
24.259779

procs:8,test:3
Number of processes 8

Timing results,io, io+meta
22.529484
22.562189

procs:16,test:1
Number of processes 16

Timing results,io, io+meta
39.892673
39.947853

procs:16,test:2
Number of processes 16

Timing results,io, io+meta
40.302773
40.353512

procs:16,test:3
Number of processes 16

Timing results,io, io+meta
37.113113
37.177574

procs:32,test:1
Number of processes 32

Timing results,io, io+meta
110.509872
110.626160

procs:32,test:2
Number of processes 32

Timing results,io, io+meta
97.138817
97.253494

procs:32,test:3
Number of processes 32

Timing results,io, io+meta
79.623779
79.756050

procs:64,test:1
Number of processes 64

Timing results,io, io+meta
148.872208
149.011902

procs:64,test:2
Number of processes 64

Timing results,io, io+meta
187.843369
187.983139

procs:64,test:3
Number of processes 64

Timing results,io, io+meta
153.768311
153.910721

procs:128,test:1
Number of processes 128

Timing results,io, io+meta
370.981384
371.321289

procs:128,test:2
Number of processes 128

Timing results,io, io+meta
355.526825
355.879883

procs:128,test:3
Number of processes 128

Timing results,io, io+meta
303.194763
303.537109

