/global/cscratch1/sd/jialin/h5boss_ost4
stripe_count:   1 stripe_size:    4194304 stripe_offset:  -1
submiting 1-th job to lustre:100 datasets 1 processes
Writing 100 datasets.
Reading from dset_stats.csv
Time: 0.035600
17 MB
submiting 1-th job to lustre:100 datasets 2 processes
Writing 100 datasets.
Reading from dset_stats.csv
Time: 0.141195
17 MB
submiting 1-th job to lustre:100 datasets 4 processes
Writing 100 datasets.
Reading from dset_stats.csv
Time: 0.227347
17 MB
submiting 1-th job to lustre:100 datasets 8 processes
Writing 100 datasets.
Reading from dset_stats.csv
Time: 0.156182
17 MB
submiting 1-th job to lustre:100 datasets 16 processes
Writing 100 datasets.
Reading from dset_stats.csv
Time: 0.143295
17 MB
submiting 1-th job to lustre:100 datasets 32 processes
Writing 100 datasets.
Reading from dset_stats.csv
Time: 0.204521
17 MB
submiting 2-th job to lustre:100 datasets 1 processes
Writing 100 datasets.
Reading from dset_stats.csv
Time: 0.035114
17 MB
submiting 2-th job to lustre:100 datasets 2 processes
Writing 100 datasets.
Reading from dset_stats.csv
Time: 0.184690
17 MB
submiting 2-th job to lustre:100 datasets 4 processes
Writing 100 datasets.
Reading from dset_stats.csv
Time: 0.269812
17 MB
submiting 2-th job to lustre:100 datasets 8 processes
Writing 100 datasets.
Reading from dset_stats.csv
Time: 0.278783
17 MB
submiting 2-th job to lustre:100 datasets 16 processes
Writing 100 datasets.
Reading from dset_stats.csv
Time: 0.232976
17 MB
submiting 2-th job to lustre:100 datasets 32 processes
Writing 100 datasets.
Reading from dset_stats.csv
Time: 0.221846
17 MB
submiting 3-th job to lustre:100 datasets 1 processes
Writing 100 datasets.
Reading from dset_stats.csv
Time: 0.034585
17 MB
submiting 3-th job to lustre:100 datasets 2 processes
Writing 100 datasets.
Reading from dset_stats.csv
Time: 0.132482
17 MB
submiting 3-th job to lustre:100 datasets 4 processes
Writing 100 datasets.
Reading from dset_stats.csv
Time: 0.315203
17 MB
submiting 3-th job to lustre:100 datasets 8 processes
Writing 100 datasets.
Reading from dset_stats.csv
Time: 0.169378
17 MB
submiting 3-th job to lustre:100 datasets 16 processes
Writing 100 datasets.
Reading from dset_stats.csv
Time: 0.153083
17 MB
submiting 3-th job to lustre:100 datasets 32 processes
Writing 100 datasets.
Reading from dset_stats.csv
Time: 0.217161
17 MB
submiting 1-th job to lustre:1000 datasets 1 processes
Writing 1000 datasets.
Reading from dset_stats.csv
Time: 0.334626
137 MB
submiting 1-th job to lustre:1000 datasets 2 processes
Writing 1000 datasets.
Reading from dset_stats.csv
Time: 0.673063
137 MB
submiting 1-th job to lustre:1000 datasets 4 processes
Writing 1000 datasets.
Reading from dset_stats.csv
Time: 0.476878
137 MB
submiting 1-th job to lustre:1000 datasets 8 processes
Writing 1000 datasets.
Reading from dset_stats.csv
Time: 0.359374
137 MB
submiting 1-th job to lustre:1000 datasets 16 processes
Writing 1000 datasets.
Reading from dset_stats.csv
Time: 0.678127
137 MB
submiting 1-th job to lustre:1000 datasets 32 processes
Writing 1000 datasets.
Reading from dset_stats.csv
Time: 0.657035
137 MB
submiting 2-th job to lustre:1000 datasets 1 processes
Writing 1000 datasets.
Reading from dset_stats.csv
Time: 0.343158
137 MB
submiting 2-th job to lustre:1000 datasets 2 processes
srun: Job 13248715 step creation temporarily disabled, retrying
srun: Step created for job 13248715
Writing 1000 datasets.
Reading from dset_stats.csv
Time: 0.561500
137 MB
submiting 2-th job to lustre:1000 datasets 4 processes
Writing 1000 datasets.
Reading from dset_stats.csv
Time: 0.392159
137 MB
submiting 2-th job to lustre:1000 datasets 8 processes
Writing 1000 datasets.
Reading from dset_stats.csv
Time: 0.423866
137 MB
submiting 2-th job to lustre:1000 datasets 16 processes
Writing 1000 datasets.
Reading from dset_stats.csv
Time: 0.587937
137 MB
submiting 2-th job to lustre:1000 datasets 32 processes
Writing 1000 datasets.
Reading from dset_stats.csv
Time: 0.491604
137 MB
submiting 3-th job to lustre:1000 datasets 1 processes
Writing 1000 datasets.
Reading from dset_stats.csv
Time: 0.335800
137 MB
submiting 3-th job to lustre:1000 datasets 2 processes
Writing 1000 datasets.
Reading from dset_stats.csv
Time: 0.705288
137 MB
submiting 3-th job to lustre:1000 datasets 4 processes
Writing 1000 datasets.
Reading from dset_stats.csv
Time: 0.461463
137 MB
submiting 3-th job to lustre:1000 datasets 8 processes
Writing 1000 datasets.
Reading from dset_stats.csv
Time: 0.351397
137 MB
submiting 3-th job to lustre:1000 datasets 16 processes
Writing 1000 datasets.
Reading from dset_stats.csv
Time: 0.605556
137 MB
submiting 3-th job to lustre:1000 datasets 32 processes
Writing 1000 datasets.
Reading from dset_stats.csv
Time: 0.589254
137 MB
submiting 1-th job to lustre:10000 datasets 1 processes
Writing 10000 datasets.
Reading from dset_stats.csv
Time: 6.223035
1295 MB
submiting 1-th job to lustre:10000 datasets 2 processes
Writing 10000 datasets.
Reading from dset_stats.csv
Time: 10.702766
1295 MB
submiting 1-th job to lustre:10000 datasets 4 processes
Writing 10000 datasets.
Reading from dset_stats.csv
Time: 5.684919
1295 MB
submiting 1-th job to lustre:10000 datasets 8 processes
Writing 10000 datasets.
Reading from dset_stats.csv
Time: 5.912843
1295 MB
submiting 1-th job to lustre:10000 datasets 16 processes
Writing 10000 datasets.
Reading from dset_stats.csv
Time: 7.338097
1295 MB
submiting 1-th job to lustre:10000 datasets 32 processes
Writing 10000 datasets.
Reading from dset_stats.csv
Time: 7.336866
1295 MB
submiting 2-th job to lustre:10000 datasets 1 processes
Writing 10000 datasets.
Reading from dset_stats.csv
Time: 6.119289
1295 MB
submiting 2-th job to lustre:10000 datasets 2 processes
Writing 10000 datasets.
Reading from dset_stats.csv
Time: 12.688086
1295 MB
submiting 2-th job to lustre:10000 datasets 4 processes
Writing 10000 datasets.
Reading from dset_stats.csv
Time: 5.917528
1295 MB
submiting 2-th job to lustre:10000 datasets 8 processes
Writing 10000 datasets.
Reading from dset_stats.csv
Time: 5.587616
1295 MB
submiting 2-th job to lustre:10000 datasets 16 processes
Writing 10000 datasets.
Reading from dset_stats.csv
Time: 7.524721
1295 MB
submiting 2-th job to lustre:10000 datasets 32 processes
Writing 10000 datasets.
Reading from dset_stats.csv
Time: 8.019449
1295 MB
submiting 3-th job to lustre:10000 datasets 1 processes
Writing 10000 datasets.
Reading from dset_stats.csv
Time: 6.019534
1295 MB
submiting 3-th job to lustre:10000 datasets 2 processes
Writing 10000 datasets.
Reading from dset_stats.csv
Time: 10.092932
1295 MB
submiting 3-th job to lustre:10000 datasets 4 processes
Writing 10000 datasets.
Reading from dset_stats.csv
Time: 6.462777
1295 MB
submiting 3-th job to lustre:10000 datasets 8 processes
Writing 10000 datasets.
Reading from dset_stats.csv
Time: 5.080910
1295 MB
submiting 3-th job to lustre:10000 datasets 16 processes
Writing 10000 datasets.
Reading from dset_stats.csv
Time: 7.324186
1295 MB
submiting 3-th job to lustre:10000 datasets 32 processes
Writing 10000 datasets.
Reading from dset_stats.csv
Time: 8.050256
1295 MB
