submiting 1-th job to rados:100 datasets 1 processes
Writing 100 datasets.
Reading from dset_stats.csv
Time: 0.775319
13 MB
submiting 1-th job to rados:100 datasets 2 processes
Writing 100 datasets.
Reading from dset_stats.csv
Time: 0.351989
13 MB
submiting 1-th job to rados:100 datasets 4 processes
Writing 100 datasets.
Reading from dset_stats.csv
Time: 0.180916
13 MB
submiting 1-th job to rados:100 datasets 8 processes
Writing 100 datasets.
Reading from dset_stats.csv
srun: error: nid00716: task 1: Segmentation fault
srun: Terminating job step 13248718.3
slurmstepd: error: *** STEP 13248718.3 ON nid00716 CANCELLED AT 2018-06-20T15:56:36 ***
srun: error: nid00716: tasks 0,2-7: Terminated
srun: Force Terminated job step 13248718.3
submiting 1-th job to rados:100 datasets 16 processes
Writing 100 datasets.
Reading from dset_stats.csv
srun: error: nid00716: tasks 1-2: Segmentation fault
srun: Terminating job step 13248718.4
slurmstepd: error: *** STEP 13248718.4 ON nid00716 CANCELLED AT 2018-06-20T15:56:58 ***
srun: error: nid00716: tasks 0,3-15: Terminated
srun: Force Terminated job step 13248718.4
submiting 1-th job to rados:100 datasets 32 processes
Writing 100 datasets.
Reading from dset_stats.csv
srun: error: nid00716: tasks 2-4: Segmentation fault
srun: Terminating job step 13248718.5
slurmstepd: error: *** STEP 13248718.5 ON nid00716 CANCELLED AT 2018-06-20T15:57:36 ***
srun: error: nid00716: tasks 0-1,5-31: Terminated
srun: Force Terminated job step 13248718.5
submiting 2-th job to rados:100 datasets 1 processes
Writing 100 datasets.
Reading from dset_stats.csv
Time: 0.780108
13 MB
submiting 2-th job to rados:100 datasets 2 processes
Writing 100 datasets.
Reading from dset_stats.csv
Time: 0.359534
13 MB
submiting 2-th job to rados:100 datasets 4 processes
Writing 100 datasets.
Reading from dset_stats.csv
Time: 0.180467
13 MB
submiting 2-th job to rados:100 datasets 8 processes
Writing 100 datasets.
Reading from dset_stats.csv
srun: error: nid00716: task 1: Segmentation fault
srun: Terminating job step 13248718.9
slurmstepd: error: *** STEP 13248718.9 ON nid00716 CANCELLED AT 2018-06-20T15:57:54 ***
srun: error: nid00716: tasks 0,2-7: Terminated
srun: Force Terminated job step 13248718.9
submiting 2-th job to rados:100 datasets 16 processes
Writing 100 datasets.
Reading from dset_stats.csv
srun: error: nid00716: tasks 1-2: Segmentation fault
srun: Terminating job step 13248718.10
slurmstepd: error: *** STEP 13248718.10 ON nid00716 CANCELLED AT 2018-06-20T15:58:00 ***
srun: error: nid00716: tasks 0,3-15: Terminated
srun: Force Terminated job step 13248718.10
submiting 2-th job to rados:100 datasets 32 processes
Writing 100 datasets.
Reading from dset_stats.csv
srun: error: nid00716: tasks 2-4: Segmentation fault
srun: Terminating job step 13248718.11
slurmstepd: error: *** STEP 13248718.11 ON nid00716 CANCELLED AT 2018-06-20T15:58:39 ***
srun: error: nid00716: tasks 0-1,5-31: Terminated
srun: Force Terminated job step 13248718.11
submiting 3-th job to rados:100 datasets 1 processes
srun: Job 13248718 step creation temporarily disabled, retrying
srun: Step created for job 13248718
Writing 100 datasets.
Reading from dset_stats.csv
Time: 0.796075
13 MB
submiting 3-th job to rados:100 datasets 2 processes
Writing 100 datasets.
Reading from dset_stats.csv
Time: 0.352587
13 MB
submiting 3-th job to rados:100 datasets 4 processes
Writing 100 datasets.
Reading from dset_stats.csv
Time: 0.176732
13 MB
submiting 3-th job to rados:100 datasets 8 processes
Writing 100 datasets.
Reading from dset_stats.csv
srun: error: nid00716: task 1: Segmentation fault
srun: Terminating job step 13248718.15
slurmstepd: error: *** STEP 13248718.15 ON nid00716 CANCELLED AT 2018-06-20T15:58:59 ***
srun: error: nid00716: tasks 0,2-7: Terminated
srun: Force Terminated job step 13248718.15
submiting 3-th job to rados:100 datasets 16 processes
srun: Job 13248718 step creation temporarily disabled, retrying
srun: Step created for job 13248718
Writing 100 datasets.
Reading from dset_stats.csv
srun: error: nid00716: tasks 1-2: Segmentation fault
srun: Terminating job step 13248718.16
slurmstepd: error: *** STEP 13248718.16 ON nid00716 CANCELLED AT 2018-06-20T15:59:03 ***
srun: error: nid00716: tasks 0,3-15: Terminated
srun: Force Terminated job step 13248718.16
submiting 3-th job to rados:100 datasets 32 processes
Writing 100 datasets.
Reading from dset_stats.csv
srun: error: nid00716: tasks 2-4: Segmentation fault
srun: Terminating job step 13248718.17
slurmstepd: error: *** STEP 13248718.17 ON nid00716 CANCELLED AT 2018-06-20T15:59:07 ***
srun: error: nid00716: tasks 0-1,5-31: Terminated
srun: Force Terminated job step 13248718.17
submiting 1-th job to rados:1000 datasets 1 processes
Writing 1000 datasets.
Reading from dset_stats.csv
Time: 7.479767
133 MB
submiting 1-th job to rados:1000 datasets 2 processes
Writing 1000 datasets.
Reading from dset_stats.csv
srun: error: nid00716: task 1: Segmentation fault
srun: Terminating job step 13248718.19
slurmstepd: error: *** STEP 13248718.19 ON nid00716 CANCELLED AT 2018-06-20T15:59:28 ***
srun: error: nid00716: task 0: Terminated
srun: Force Terminated job step 13248718.19
submiting 1-th job to rados:1000 datasets 4 processes
Writing 1000 datasets.
Reading from dset_stats.csv
srun: error: nid00716: tasks 2-3: Segmentation fault
srun: Terminating job step 13248718.20
slurmstepd: error: *** STEP 13248718.20 ON nid00716 CANCELLED AT 2018-06-20T15:59:34 ***
srun: error: nid00716: tasks 0-1: Terminated
srun: Force Terminated job step 13248718.20
submiting 1-th job to rados:1000 datasets 8 processes
Writing 1000 datasets.
Reading from dset_stats.csv
srun: error: nid00716: tasks 4-7: Segmentation fault
srun: Terminating job step 13248718.21
slurmstepd: error: *** STEP 13248718.21 ON nid00716 CANCELLED AT 2018-06-20T15:59:45 ***
srun: error: nid00716: tasks 0-3: Terminated
srun: Force Terminated job step 13248718.21
submiting 1-th job to rados:1000 datasets 16 processes
Writing 1000 datasets.
Reading from dset_stats.csv
srun: error: nid00716: tasks 8-10,12-15: Segmentation fault
srun: Terminating job step 13248718.22
slurmstepd: error: *** STEP 13248718.22 ON nid00716 CANCELLED AT 2018-06-20T15:59:54 ***
srun: error: nid00716: tasks 0-7,11: Terminated
srun: Force Terminated job step 13248718.22
submiting 1-th job to rados:1000 datasets 32 processes
Writing 1000 datasets.
Reading from dset_stats.csv
srun: error: nid00716: tasks 15-21,23-29,31: Segmentation fault
srun: Terminating job step 13248718.23
slurmstepd: error: *** STEP 13248718.23 ON nid00716 CANCELLED AT 2018-06-20T16:00:08 ***
srun: error: nid00716: tasks 0-14,22,30: Terminated
srun: Force Terminated job step 13248718.23
submiting 2-th job to rados:1000 datasets 1 processes
Writing 1000 datasets.
Reading from dset_stats.csv
Time: 7.337528
133 MB
submiting 2-th job to rados:1000 datasets 2 processes
Writing 1000 datasets.
Reading from dset_stats.csv
srun: error: nid00716: task 1: Segmentation fault
srun: Terminating job step 13248718.25
slurmstepd: error: *** STEP 13248718.25 ON nid00716 CANCELLED AT 2018-06-20T16:00:32 ***
srun: error: nid00716: task 0: Terminated
srun: Force Terminated job step 13248718.25
submiting 2-th job to rados:1000 datasets 4 processes
Writing 1000 datasets.
Reading from dset_stats.csv
srun: error: nid00716: tasks 2-3: Segmentation fault
srun: Terminating job step 13248718.26
slurmstepd: error: *** STEP 13248718.26 ON nid00716 CANCELLED AT 2018-06-20T16:00:39 ***
srun: error: nid00716: tasks 0-1: Terminated
srun: Force Terminated job step 13248718.26
submiting 2-th job to rados:1000 datasets 8 processes
Writing 1000 datasets.
Reading from dset_stats.csv
srun: error: nid00716: tasks 4-7: Segmentation fault
srun: Terminating job step 13248718.27
slurmstepd: error: *** STEP 13248718.27 ON nid00716 CANCELLED AT 2018-06-20T16:00:49 ***
srun: error: nid00716: tasks 0-3: Terminated
srun: Force Terminated job step 13248718.27
submiting 2-th job to rados:1000 datasets 16 processes
Writing 1000 datasets.
Reading from dset_stats.csv
srun: error: nid00716: tasks 8-10,12-15: Segmentation fault
srun: Terminating job step 13248718.28
slurmstepd: error: *** STEP 13248718.28 ON nid00716 CANCELLED AT 2018-06-20T16:00:56 ***
srun: error: nid00716: tasks 0-7,11: Terminated
srun: Force Terminated job step 13248718.28
submiting 2-th job to rados:1000 datasets 32 processes
Writing 1000 datasets.
Reading from dset_stats.csv
srun: error: nid00716: tasks 15-21,23-29,31: Segmentation fault
srun: Terminating job step 13248718.29
slurmstepd: error: *** STEP 13248718.29 ON nid00716 CANCELLED AT 2018-06-20T16:01:06 ***
srun: error: nid00716: tasks 0-14,22,30: Terminated
srun: Force Terminated job step 13248718.29
submiting 3-th job to rados:1000 datasets 1 processes
Writing 1000 datasets.
Reading from dset_stats.csv
Time: 7.251427
133 MB
submiting 3-th job to rados:1000 datasets 2 processes
Writing 1000 datasets.
Reading from dset_stats.csv
srun: error: nid00716: task 1: Segmentation fault
srun: Terminating job step 13248718.31
slurmstepd: error: *** STEP 13248718.31 ON nid00716 CANCELLED AT 2018-06-20T16:01:33 ***
srun: error: nid00716: task 0: Terminated
srun: Force Terminated job step 13248718.31
submiting 3-th job to rados:1000 datasets 4 processes
Writing 1000 datasets.
Reading from dset_stats.csv
srun: error: nid00716: tasks 2-3: Segmentation fault
srun: Terminating job step 13248718.32
slurmstepd: error: *** STEP 13248718.32 ON nid00716 CANCELLED AT 2018-06-20T16:01:40 ***
srun: error: nid00716: tasks 0-1: Terminated
srun: Force Terminated job step 13248718.32
submiting 3-th job to rados:1000 datasets 8 processes
Writing 1000 datasets.
Reading from dset_stats.csv
srun: error: nid00716: tasks 4-7: Segmentation fault
srun: Terminating job step 13248718.33
slurmstepd: error: *** STEP 13248718.33 ON nid00716 CANCELLED AT 2018-06-20T16:01:47 ***
srun: error: nid00716: tasks 0-3: Terminated
srun: Force Terminated job step 13248718.33
submiting 3-th job to rados:1000 datasets 16 processes
Writing 1000 datasets.
Reading from dset_stats.csv
srun: error: nid00716: tasks 8-10,12-15: Segmentation fault
srun: Terminating job step 13248718.34
slurmstepd: error: *** STEP 13248718.34 ON nid00716 CANCELLED AT 2018-06-20T16:01:59 ***
srun: error: nid00716: tasks 0-7,11: Terminated
srun: Force Terminated job step 13248718.34
submiting 3-th job to rados:1000 datasets 32 processes
Writing 1000 datasets.
Reading from dset_stats.csv
srun: error: nid00716: tasks 15-21,23-29,31: Segmentation fault
srun: Terminating job step 13248718.35
slurmstepd: error: *** STEP 13248718.35 ON nid00716 CANCELLED AT 2018-06-20T16:02:09 ***
srun: error: nid00716: tasks 0-14,22,30: Terminated
srun: Force Terminated job step 13248718.35
submiting 1-th job to rados:10000 datasets 1 processes
Writing 10000 datasets.
Reading from dset_stats.csv
Time: 70.837006
1291 MB
submiting 1-th job to rados:10000 datasets 2 processes
Writing 10000 datasets.
Reading from dset_stats.csv
srun: error: nid00716: task 1: Segmentation fault
srun: Terminating job step 13248718.37
slurmstepd: error: *** STEP 13248718.37 ON nid00716 CANCELLED AT 2018-06-20T16:05:45 ***
srun: error: nid00716: task 0: Terminated
srun: Force Terminated job step 13248718.37
submiting 1-th job to rados:10000 datasets 4 processes
Writing 10000 datasets.
Reading from dset_stats.csv
srun: error: nid00716: tasks 1-3: Segmentation fault
srun: Terminating job step 13248718.38
slurmstepd: error: *** STEP 13248718.38 ON nid00716 CANCELLED AT 2018-06-20T16:07:06 ***
srun: error: nid00716: task 0: Terminated
srun: Force Terminated job step 13248718.38
submiting 1-th job to rados:10000 datasets 8 processes
Writing 10000 datasets.
Reading from dset_stats.csv
srun: error: nid00716: tasks 1-2,4-6: Segmentation fault
srun: Terminating job step 13248718.39
slurmstepd: error: *** STEP 13248718.39 ON nid00716 CANCELLED AT 2018-06-20T16:08:38 ***
srun: error: nid00716: tasks 0,3,7: Terminated
srun: Force Terminated job step 13248718.39
submiting 1-th job to rados:10000 datasets 16 processes
Writing 10000 datasets.
Reading from dset_stats.csv
srun: error: nid00716: tasks 1-2,4-5,7-15: Segmentation fault
srun: Terminating job step 13248718.40
slurmstepd: error: *** STEP 13248718.40 ON nid00716 CANCELLED AT 2018-06-20T16:09:43 ***
srun: error: nid00716: tasks 0,3,6: Terminated
srun: Force Terminated job step 13248718.40
submiting 1-th job to rados:10000 datasets 32 processes
Writing 10000 datasets.
Reading from dset_stats.csv
srun: error: nid00716: tasks 2-4,6-9,11-14,16-19,21-22,24-31: Segmentation fault
srun: Terminating job step 13248718.41
slurmstepd: error: *** STEP 13248718.41 ON nid00716 CANCELLED AT 2018-06-20T16:11:30 ***
srun: error: nid00716: tasks 0-1,5,10,15,20,23: Terminated
srun: Force Terminated job step 13248718.41
submiting 2-th job to rados:10000 datasets 1 processes
Writing 10000 datasets.
Reading from dset_stats.csv
Time: 72.190735
1291 MB
submiting 2-th job to rados:10000 datasets 2 processes
Writing 10000 datasets.
Reading from dset_stats.csv
srun: error: nid00716: task 1: Segmentation fault
srun: Terminating job step 13248718.43
slurmstepd: error: *** STEP 13248718.43 ON nid00716 CANCELLED AT 2018-06-20T16:15:33 ***
srun: error: nid00716: task 0: Terminated
srun: Force Terminated job step 13248718.43
submiting 2-th job to rados:10000 datasets 4 processes
Writing 10000 datasets.
Reading from dset_stats.csv
srun: error: nid00716: tasks 1-3: Segmentation fault
srun: Terminating job step 13248718.44
slurmstepd: error: *** STEP 13248718.44 ON nid00716 CANCELLED AT 2018-06-20T16:16:43 ***
srun: error: nid00716: task 0: Terminated
srun: Force Terminated job step 13248718.44
submiting 2-th job to rados:10000 datasets 8 processes
Writing 10000 datasets.
Reading from dset_stats.csv
srun: error: nid00716: tasks 1-2,4-6: Segmentation fault
srun: Terminating job step 13248718.45
slurmstepd: error: *** STEP 13248718.45 ON nid00716 CANCELLED AT 2018-06-20T16:18:06 ***
srun: error: nid00716: tasks 0,3,7: Terminated
srun: Force Terminated job step 13248718.45
submiting 2-th job to rados:10000 datasets 16 processes
Writing 10000 datasets.
Reading from dset_stats.csv
srun: error: nid00716: tasks 1-2,4-5,7-15: Segmentation fault
srun: Terminating job step 13248718.46
slurmstepd: error: *** STEP 13248718.46 ON nid00716 CANCELLED AT 2018-06-20T16:19:40 ***
srun: error: nid00716: tasks 0,3,6: Terminated
srun: Force Terminated job step 13248718.46
submiting 2-th job to rados:10000 datasets 32 processes
Writing 10000 datasets.
Reading from dset_stats.csv
srun: error: nid00716: tasks 2-4,6-9,11-14,16-19,21-22,24-31: Segmentation fault
srun: Terminating job step 13248718.47
slurmstepd: error: *** STEP 13248718.47 ON nid00716 CANCELLED AT 2018-06-20T16:22:49 ***
srun: error: nid00716: tasks 0-1,5,10,15,20,23: Terminated
srun: Force Terminated job step 13248718.47
submiting 3-th job to rados:10000 datasets 1 processes
Writing 10000 datasets.
Reading from dset_stats.csv
Time: 70.334991
1291 MB
submiting 3-th job to rados:10000 datasets 2 processes
Writing 10000 datasets.
Reading from dset_stats.csv
srun: Job step aborted: Waiting up to 32 seconds for job step to finish.
slurmstepd: error: *** STEP 13248718.49 ON nid00716 CANCELLED AT 2018-06-20T16:26:13 DUE TO TIME LIMIT ***
srun: got SIGCONT
srun: forcing job termination
