/global/cscratch1/sd/jialin/h5boss_ost4
stripe_count:   1 stripe_size:    4194304 stripe_offset:  -1
submiting 1-th job to lustre:100 datasets 1 processes
submiting 1-th job to rados:100 datasets 1 processes
srun: Warning: can't run 1 processes on 2 nodes, setting nnodes to 1
srun: Warning: can't run 1 processes on 2 nodes, setting nnodes to 1
Writing 100 datasets.
Reading from dset_stats.csv
Time: 0.791476
13 MB
Writing 100 datasets.
Reading from dset_stats.csv
Time: 0.035133
17 MB
submiting 1-th job to lustre:100 datasets 2 processes
submiting 1-th job to rados:100 datasets 2 processes
Writing 100 datasets.
Reading from dset_stats.csv
Time: 0.176757
17 MB
srun: Job 13244313 step creation temporarily disabled, retrying
srun: Step created for job 13244313
Writing 100 datasets.
Reading from dset_stats.csv
Time: 0.456159
13 MB
submiting 1-th job to lustre:100 datasets 4 processes
submiting 1-th job to rados:100 datasets 4 processes
Writing 100 datasets.
Reading from dset_stats.csv
Time: 0.277865
17 MB
srun: Job 13244313 step creation temporarily disabled, retrying
srun: Step created for job 13244313
Writing 100 datasets.
Reading from dset_stats.csv
Time: 0.176187
13 MB
submiting 1-th job to lustre:100 datasets 8 processes
submiting 1-th job to rados:100 datasets 8 processes
Writing 100 datasets.
Reading from dset_stats.csv
Time: 0.178127
17 MB
srun: Job 13244313 step creation temporarily disabled, retrying
srun: Step created for job 13244313
Writing 100 datasets.
Reading from dset_stats.csv
srun: error: nid00890: task 1: Segmentation fault
srun: Terminating job step 13244313.7
slurmstepd: error: *** STEP 13244313.7 ON nid00890 CANCELLED AT 2018-06-20T14:41:58 ***
srun: error: nid00927: tasks 4-7: Terminated
srun: error: nid00890: tasks 0,2-3: Terminated
srun: Force Terminated job step 13244313.7
submiting 1-th job to lustre:100 datasets 16 processes
submiting 1-th job to rados:100 datasets 16 processes
Writing 100 datasets.
Reading from dset_stats.csv
srun: error: nid00890: tasks 1-2: Segmentation fault
srun: Terminating job step 13244313.8
slurmstepd: error: *** STEP 13244313.8 ON nid00890 CANCELLED AT 2018-06-20T14:42:06 ***
srun: error: nid00890: tasks 4-6: Terminated
srun: error: nid00927: tasks 9-12: Terminated
srun: error: nid00890: tasks 0,3: Terminated
srun: error: nid00927: tasks 8,13-15: Terminated
srun: error: nid00890: task 7: Terminated
srun: Force Terminated job step 13244313.8
srun: Job 13244313 step creation temporarily disabled, retrying
srun: Step created for job 13244313
Writing 100 datasets.
Reading from dset_stats.csv
Time: 0.221951
17 MB
submiting 1-th job to lustre:100 datasets 32 processes
submiting 1-th job to rados:100 datasets 32 processes
Writing 100 datasets.
Reading from dset_stats.csv
Time: 0.203365
17 MB
srun: Job 13244313 step creation temporarily disabled, retrying
srun: Step created for job 13244313
Writing 100 datasets.
Reading from dset_stats.csv
srun: error: nid00890: tasks 2-4: Segmentation fault
srun: Terminating job step 13244313.11
slurmstepd: error: *** STEP 13244313.11 ON nid00890 CANCELLED AT 2018-06-20T14:42:56 ***
srun: error: nid00890: tasks 0-1,6-8,10,12,15: Terminated
srun: error: nid00927: tasks 16,18-19,22-28,30-31: Terminated
srun: error: nid00927: tasks 17,20-21,29: Terminated
srun: error: nid00890: tasks 5,9,11,13-14: Terminated
srun: Force Terminated job step 13244313.11
submiting 2-th job to lustre:100 datasets 1 processes
submiting 2-th job to rados:100 datasets 1 processes
srun: Warning: can't run 1 processes on 2 nodes, setting nnodes to 1
srun: Warning: can't run 1 processes on 2 nodes, setting nnodes to 1
Writing 100 datasets.
Reading from dset_stats.csv
Time: 0.035612
17 MB
Writing 100 datasets.
Reading from dset_stats.csv
Time: 0.743745
13 MB
submiting 2-th job to lustre:100 datasets 2 processes
submiting 2-th job to rados:100 datasets 2 processes
Writing 100 datasets.
Reading from dset_stats.csv
Time: 0.508061
17 MB
srun: Job 13244313 step creation temporarily disabled, retrying
srun: Step created for job 13244313
Writing 100 datasets.
Reading from dset_stats.csv
Time: 0.474914
13 MB
submiting 2-th job to lustre:100 datasets 4 processes
submiting 2-th job to rados:100 datasets 4 processes
Writing 100 datasets.
Reading from dset_stats.csv
Time: 0.225800
13 MB
srun: Job 13244313 step creation temporarily disabled, retrying
srun: Step created for job 13244313
Writing 100 datasets.
Reading from dset_stats.csv
Time: 0.137278
17 MB
submiting 2-th job to lustre:100 datasets 8 processes
submiting 2-th job to rados:100 datasets 8 processes
Writing 100 datasets.
Reading from dset_stats.csv
srun: error: nid00890: task 1: Segmentation fault
srun: Terminating job step 13244313.18
slurmstepd: error: *** STEP 13244313.18 ON nid00890 CANCELLED AT 2018-06-20T14:43:42 ***
srun: error: nid00927: tasks 4-7: Terminated
srun: error: nid00890: tasks 0,2-3: Terminated
srun: Force Terminated job step 13244313.18
srun: Job 13244313 step creation temporarily disabled, retrying
srun: Step created for job 13244313
Writing 100 datasets.
Reading from dset_stats.csv
Time: 0.150027
17 MB
submiting 2-th job to lustre:100 datasets 16 processes
submiting 2-th job to rados:100 datasets 16 processes
Writing 100 datasets.
Reading from dset_stats.csv
srun: error: nid00890: tasks 1-2: Segmentation fault
srun: Terminating job step 13244313.20
slurmstepd: error: *** STEP 13244313.20 ON nid00890 CANCELLED AT 2018-06-20T14:43:50 ***
srun: error: nid00890: tasks 0,3,5,7: Terminated
srun: error: nid00927: tasks 8-12,14-15: Terminated
srun: error: nid00927: task 13: Terminated
srun: error: nid00890: tasks 4,6: Terminated
srun: Force Terminated job step 13244313.20
srun: Job 13244313 step creation temporarily disabled, retrying
srun: Step created for job 13244313
Writing 100 datasets.
Reading from dset_stats.csv
Time: 0.291971
17 MB
submiting 2-th job to lustre:100 datasets 32 processes
submiting 2-th job to rados:100 datasets 32 processes
Writing 100 datasets.
Reading from dset_stats.csv
Time: 0.257024
17 MB
srun: Job 13244313 step creation temporarily disabled, retrying
srun: Step created for job 13244313
Writing 100 datasets.
Reading from dset_stats.csv
srun: error: nid00890: tasks 2-4: Segmentation fault
srun: Terminating job step 13244313.23
slurmstepd: error: *** STEP 13244313.23 ON nid00890 CANCELLED AT 2018-06-20T14:44:02 ***
srun: error: nid00890: tasks 0-1,5-10,14-15: Terminated
srun: error: nid00927: tasks 16-18,23,25,28-31: Terminated
srun: error: nid00890: tasks 11-13: Terminated
srun: error: nid00927: tasks 19-22,24,26-27: Terminated
srun: Force Terminated job step 13244313.23
submiting 3-th job to lustre:100 datasets 1 processes
submiting 3-th job to rados:100 datasets 1 processes
srun: Warning: can't run 1 processes on 2 nodes, setting nnodes to 1
srun: Warning: can't run 1 processes on 2 nodes, setting nnodes to 1
Writing 100 datasets.
Reading from dset_stats.csv
Time: 0.035972
17 MB
Writing 100 datasets.
Reading from dset_stats.csv
Time: 0.776545
13 MB
submiting 3-th job to lustre:100 datasets 2 processes
submiting 3-th job to rados:100 datasets 2 processes
Writing 100 datasets.
Reading from dset_stats.csv
Time: 0.373562
13 MB
srun: Job 13244313 step creation temporarily disabled, retrying
srun: Step created for job 13244313
Writing 100 datasets.
Reading from dset_stats.csv
Time: 0.182090
17 MB
submiting 3-th job to lustre:100 datasets 4 processes
submiting 3-th job to rados:100 datasets 4 processes
Writing 100 datasets.
Reading from dset_stats.csv
Time: 0.182337
13 MB
srun: Job 13244313 step creation temporarily disabled, retrying
srun: Step created for job 13244313
Writing 100 datasets.
Reading from dset_stats.csv
Time: 0.208778
17 MB
submiting 3-th job to lustre:100 datasets 8 processes
submiting 3-th job to rados:100 datasets 8 processes
Writing 100 datasets.
Reading from dset_stats.csv
srun: error: nid00890: task 1: Segmentation fault
srun: Terminating job step 13244313.30
slurmstepd: error: *** STEP 13244313.30 ON nid00890 CANCELLED AT 2018-06-20T14:46:42 ***
srun: error: nid00927: tasks 4-7: Terminated
srun: error: nid00890: tasks 0,2-3: Terminated
srun: Force Terminated job step 13244313.30
srun: Job 13244313 step creation temporarily disabled, retrying
srun: Step created for job 13244313
Writing 100 datasets.
Reading from dset_stats.csv
Time: 0.147255
17 MB
submiting 3-th job to lustre:100 datasets 16 processes
submiting 3-th job to rados:100 datasets 16 processes
srun: Job 13244313 step creation temporarily disabled, retrying
Writing 100 datasets.
Reading from dset_stats.csv
srun: error: nid00890: tasks 1-2: Segmentation fault
srun: Terminating job step 13244313.32
slurmstepd: error: *** STEP 13244313.32 ON nid00890 CANCELLED AT 2018-06-20T14:46:51 ***
srun: error: nid00890: tasks 0,3-7: Terminated
srun: error: nid00927: tasks 8-15: Terminated
srun: Force Terminated job step 13244313.32
srun: Step created for job 13244313
Writing 100 datasets.
Reading from dset_stats.csv
Time: 0.273737
17 MB
submiting 3-th job to lustre:100 datasets 32 processes
submiting 3-th job to rados:100 datasets 32 processes
Writing 100 datasets.
Reading from dset_stats.csv
srun: error: nid00890: tasks 2-4: Segmentation fault
srun: Terminating job step 13244313.34
slurmstepd: error: *** STEP 13244313.34 ON nid00890 CANCELLED AT 2018-06-20T14:46:59 ***
srun: error: nid00927: tasks 17-18,20,22,24-29,31: Terminated
srun: error: nid00890: tasks 0-1,5-15: Terminated
srun: error: nid00927: tasks 16,19,21,23,30: Terminated
srun: Force Terminated job step 13244313.34
srun: Job 13244313 step creation temporarily disabled, retrying
srun: Step created for job 13244313
Writing 100 datasets.
Reading from dset_stats.csv
Time: 0.581769
17 MB
submiting 1-th job to lustre:1000 datasets 1 processes
submiting 1-th job to rados:1000 datasets 1 processes
srun: Warning: can't run 1 processes on 2 nodes, setting nnodes to 1
srun: Warning: can't run 1 processes on 2 nodes, setting nnodes to 1
Writing 1000 datasets.
Reading from dset_stats.csv
Writing 1000 datasets.
Reading from dset_stats.csv
Time: 0.347923
137 MB
Time: 7.636135
133 MB
submiting 1-th job to lustre:1000 datasets 2 processes
submiting 1-th job to rados:1000 datasets 2 processes
Writing 1000 datasets.
Reading from dset_stats.csv
Time: 0.373135
137 MB
srun: Job 13244313 step creation temporarily disabled, retrying
srun: Step created for job 13244313
Writing 1000 datasets.
Reading from dset_stats.csv
srun: error: nid00927: task 1: Segmentation fault
srun: Terminating job step 13244313.39
slurmstepd: error: *** STEP 13244313.39 ON nid00890 CANCELLED AT 2018-06-20T14:47:36 ***
srun: error: nid00890: task 0: Terminated
srun: Force Terminated job step 13244313.39
submiting 1-th job to lustre:1000 datasets 4 processes
submiting 1-th job to rados:1000 datasets 4 processes
Writing 1000 datasets.
Reading from dset_stats.csv
Time: 0.556837
137 MB
srun: Job 13244313 step creation temporarily disabled, retrying
srun: Step created for job 13244313
Writing 1000 datasets.
Reading from dset_stats.csv
srun: error: nid00927: tasks 2-3: Segmentation fault
srun: Terminating job step 13244313.41
slurmstepd: error: *** STEP 13244313.41 ON nid00890 CANCELLED AT 2018-06-20T14:47:55 ***
srun: error: nid00890: tasks 0-1: Terminated
srun: Force Terminated job step 13244313.41
submiting 1-th job to lustre:1000 datasets 8 processes
submiting 1-th job to rados:1000 datasets 8 processes
Writing 1000 datasets.
Reading from dset_stats.csv
Time: 0.364681
137 MB
Writing 1000 datasets.
Reading from dset_stats.csv
srun: error: nid00927: tasks 4-7: Segmentation fault
srun: Terminating job step 13244313.43
slurmstepd: error: *** STEP 13244313.43 ON nid00890 CANCELLED AT 2018-06-20T14:48:22 ***
srun: error: nid00890: tasks 1-3: Terminated
srun: error: nid00890: task 0: Terminated
srun: Force Terminated job step 13244313.43
submiting 1-th job to lustre:1000 datasets 16 processes
submiting 1-th job to rados:1000 datasets 16 processes
Writing 1000 datasets.
Reading from dset_stats.csv
Time: 0.306373
137 MB
srun: Job 13244313 step creation temporarily disabled, retrying
srun: Step created for job 13244313
Writing 1000 datasets.
Reading from dset_stats.csv
srun: error: nid00927: tasks 8-10,12-14: Segmentation fault
srun: Terminating job step 13244313.45
MPICH2 ERROR [Rank 0] [job id 193286772633] [Wed Jun 20 14:48:56 2018] [c4-0c1s14n2] [nid00890] - MPID_nem_gni_check_localCQ(): GNI_CQ_EVENT_TYPE_SMSG had error (SOURCE_SSID:AT_MDD_INV:CPLTN_DREQ)
Rank 0 [Wed Jun 20 14:48:56 2018] [c4-0c1s14n2] Fatal error in PMPI_Bcast: Other MPI error, error stack:
PMPI_Bcast(1614)..................: MPI_Bcast(buf=0x7fffffff5c80, count=1024, MPI_BYTE, root=0, comm=0xc4000002) failed
MPIR_Bcast_impl(1454).............: 
MPIR_CRAY_Bcast(1101).............: 
MPIR_CRAY_Bcast_Tree(439).........: 
MPIR_Waitall_impl(221)............: 
MPIDI_CH3I_Progress(537)..........: 
MPID_nem_mpich_blocking_recv(1140): 
MPID_nem_gni_poll(1563)...........: 
MPID_nem_gni_check_localCQ(632)...:  unrecoverable application network transaction error
MPIR_CRAY_Bcast(1155).............: 
MPIR_CRAY_Bcast_Tree(470).........: Failure during collective
srun: error: nid00890: task 0: Aborted
slurmstepd: error: *** STEP 13244313.45 ON nid00890 CANCELLED AT 2018-06-20T14:48:56 ***
srun: error: nid00890: tasks 2-7: Terminated
srun: error: nid00927: tasks 11,15: Terminated
srun: error: nid00890: task 1: Terminated
srun: Force Terminated job step 13244313.45
submiting 1-th job to lustre:1000 datasets 32 processes
submiting 1-th job to rados:1000 datasets 32 processes
Writing 1000 datasets.
Reading from dset_stats.csv
srun: error: nid00927: task 16: Segmentation fault
srun: Terminating job step 13244313.46
srun: error: nid00890: task 15: Segmentation fault
MPICH2 ERROR [Rank 0] [job id 197581739929] [Wed Jun 20 14:49:15 2018] [c4-0c1s14n2] [nid00890] - MPID_nem_gni_check_localCQ(): GNI_CQ_EVENT_TYPE_SMSG had error (SOURCE_SSID:AT_MDD_INV:CPLTN_DREQ)
Rank 0 [Wed Jun 20 14:49:15 2018] [c4-0c1s14n2] Fatal error in PMPI_Bcast: Other MPI error, error stack:
PMPI_Bcast(1614)..................: MPI_Bcast(buf=0x7fffffff5c80, count=1024, MPI_BYTE, root=0, comm=0xc4000002) failed
MPIR_Bcast_impl(1454).............: 
MPIR_CRAY_Bcast(1101).............: 
MPIR_CRAY_Bcast_Tree(439).........: 
MPIR_Waitall_impl(221)............: 
MPIDI_CH3I_Progress(537)..........: 
MPID_nem_mpich_blocking_recv(1140): 
MPID_nem_gni_poll(1563)...........: 
MPID_nem_gni_check_localCQ(632)...:  unrecoverable application network transaction error
MPIR_CRAY_Bcast(1155).............: 
MPIR_CRAY_Bcast_Tree(470).........: Failure during collective
srun: error: nid00890: task 0: Aborted
slurmstepd: error: *** STEP 13244313.46 ON nid00890 CANCELLED AT 2018-06-20T14:49:24 ***
srun: error: nid00927: tasks 18,21-22,24-26,30: Terminated
srun: error: nid00890: tasks 1-11,13-14: Terminated
srun: error: nid00927: tasks 19-20,23,27,29: Terminated
srun: error: nid00890: task 12: Terminated
srun: error: nid00927: tasks 17,28,31: Terminated
srun: Force Terminated job step 13244313.46
srun: Job 13244313 step creation temporarily disabled, retrying
srun: Step created for job 13244313
Writing 1000 datasets.
Reading from dset_stats.csv
Time: 0.391969
137 MB
submiting 2-th job to lustre:1000 datasets 1 processes
submiting 2-th job to rados:1000 datasets 1 processes
srun: Warning: can't run 1 processes on 2 nodes, setting nnodes to 1
srun: Warning: can't run 1 processes on 2 nodes, setting nnodes to 1
Writing 1000 datasets.
Reading from dset_stats.csv
Writing 1000 datasets.
Reading from dset_stats.csv
Time: 0.331461
137 MB
Time: 7.649009
133 MB
submiting 2-th job to lustre:1000 datasets 2 processes
submiting 2-th job to rados:1000 datasets 2 processes
Writing 1000 datasets.
Reading from dset_stats.csv
Time: 0.555541
137 MB
srun: Job 13244313 step creation temporarily disabled, retrying
srun: Step created for job 13244313
Writing 1000 datasets.
Reading from dset_stats.csv
srun: error: nid00927: task 1: Segmentation fault
srun: Terminating job step 13244313.51
slurmstepd: error: *** STEP 13244313.51 ON nid00890 CANCELLED AT 2018-06-20T14:50:37 ***
srun: error: nid00890: task 0: Terminated
srun: Force Terminated job step 13244313.51
submiting 2-th job to lustre:1000 datasets 4 processes
submiting 2-th job to rados:1000 datasets 4 processes
Writing 1000 datasets.
Reading from dset_stats.csv
Time: 0.496356
137 MB
srun: Job 13244313 step creation temporarily disabled, retrying
srun: Step created for job 13244313
Writing 1000 datasets.
Reading from dset_stats.csv
srun: error: nid00927: tasks 2-3: Segmentation fault
srun: Terminating job step 13244313.53
MPICH2 ERROR [Rank 0] [job id 227646511001] [Wed Jun 20 14:51:05 2018] [c4-0c1s14n2] [nid00890] - MPID_nem_gni_check_localCQ(): GNI_CQ_EVENT_TYPE_SMSG had error (SOURCE_SSID:AT_MDD_INV:CPLTN_DREQ)
Rank 0 [Wed Jun 20 14:51:05 2018] [c4-0c1s14n2] Fatal error in PMPI_Bcast: Other MPI error, error stack:
PMPI_Bcast(1614)..................: MPI_Bcast(buf=0x7fffffff5c80, count=1024, MPI_BYTE, root=0, comm=0xc4000002) failed
MPIR_Bcast_impl(1454).............: 
MPIR_CRAY_Bcast(1101).............: 
MPIR_CRAY_Bcast_Tree(439).........: 
MPIR_Waitall_impl(221)............: 
MPIDI_CH3I_Progress(537)..........: 
MPID_nem_mpich_blocking_recv(1140): 
MPID_nem_gni_poll(1563)...........: 
MPID_nem_gni_check_localCQ(632)...:  unrecoverable application network transaction error
MPIR_CRAY_Bcast(1155).............: 
MPIR_CRAY_Bcast_Tree(470).........: Failure during collective
srun: error: nid00890: task 0: Aborted
slurmstepd: error: *** STEP 13244313.53 ON nid00890 CANCELLED AT 2018-06-20T14:51:05 ***
srun: error: nid00890: task 1: Terminated
srun: Force Terminated job step 13244313.53
submiting 2-th job to lustre:1000 datasets 8 processes
submiting 2-th job to rados:1000 datasets 8 processes
Writing 1000 datasets.
Reading from dset_stats.csv
Time: 0.295473
137 MB
srun: Job 13244313 step creation temporarily disabled, retrying
srun: Step created for job 13244313
Writing 1000 datasets.
Reading from dset_stats.csv
srun: error: nid00927: tasks 4-7: Segmentation fault
srun: Terminating job step 13244313.55
MPICH2 ERROR [Rank 0] [job id 236236445593] [Wed Jun 20 14:51:32 2018] [c4-0c1s14n2] [nid00890] - MPID_nem_gni_check_localCQ(): GNI_CQ_EVENT_TYPE_SMSG had error (SOURCE_SSID:AT_MDD_INV:CPLTN_DREQ)
Rank 0 [Wed Jun 20 14:51:32 2018] [c4-0c1s14n2] Fatal error in PMPI_Bcast: Other MPI error, error stack:
PMPI_Bcast(1614)..................: MPI_Bcast(buf=0x7fffffff5c80, count=1024, MPI_BYTE, root=0, comm=0xc4000002) failed
MPIR_Bcast_impl(1454).............: 
MPIR_CRAY_Bcast(1101).............: 
MPIR_CRAY_Bcast_Tree(439).........: 
MPIR_Waitall_impl(221)............: 
MPIDI_CH3I_Progress(537)..........: 
MPID_nem_mpich_blocking_recv(1140): 
MPID_nem_gni_poll(1563)...........: 
MPID_nem_gni_check_localCQ(632)...:  unrecoverable application network transaction error
MPIR_CRAY_Bcast(1155).............: 
MPIR_CRAY_Bcast_Tree(470).........: Failure during collective
srun: error: nid00890: task 0: Aborted
slurmstepd: error: *** STEP 13244313.55 ON nid00890 CANCELLED AT 2018-06-20T14:51:48 ***
srun: error: nid00890: tasks 1-3: Terminated
srun: Force Terminated job step 13244313.55
submiting 2-th job to lustre:1000 datasets 16 processes
submiting 2-th job to rados:1000 datasets 16 processes
Writing 1000 datasets.
Reading from dset_stats.csv
srun: error: nid00927: tasks 8-10,12-14: Segmentation fault
srun: Terminating job step 13244313.56
slurmstepd: error: *** STEP 13244313.56 ON nid00890 CANCELLED AT 2018-06-20T14:51:58 ***
srun: error: nid00927: tasks 11,15: Terminated
srun: error: nid00890: tasks 0-7: Terminated
srun: Force Terminated job step 13244313.56
srun: Job 13244313 step creation temporarily disabled, retrying
srun: Step created for job 13244313
Writing 1000 datasets.
Reading from dset_stats.csv
Time: 0.381224
137 MB
submiting 2-th job to lustre:1000 datasets 32 processes
submiting 2-th job to rados:1000 datasets 32 processes
Writing 1000 datasets.
Reading from dset_stats.csv
Time: 0.367540
137 MB
srun: Job 13244313 step creation temporarily disabled, retrying
srun: Step created for job 13244313
Writing 1000 datasets.
Reading from dset_stats.csv
srun: error: nid00927: task 16: Segmentation fault
srun: Terminating job step 13244313.59
srun: error: nid00890: task 15: Segmentation fault
slurmstepd: error: *** STEP 13244313.59 ON nid00890 CANCELLED AT 2018-06-20T14:52:15 ***
srun: error: nid00927: tasks 17-18,20,22-23,26-28,30-31: Terminated
srun: error: nid00890: tasks 0-4,6-14: Terminated
srun: error: nid00890: task 5: Terminated
srun: error: nid00927: tasks 19,21,24-25,29: Terminated
srun: Force Terminated job step 13244313.59
submiting 3-th job to lustre:1000 datasets 1 processes
submiting 3-th job to rados:1000 datasets 1 processes
srun: Warning: can't run 1 processes on 2 nodes, setting nnodes to 1
srun: Warning: can't run 1 processes on 2 nodes, setting nnodes to 1
Writing 1000 datasets.
Reading from dset_stats.csv
Writing 1000 datasets.
Reading from dset_stats.csv
Time: 0.333111
137 MB
Time: 7.386928
133 MB
submiting 3-th job to lustre:1000 datasets 2 processes
submiting 3-th job to rados:1000 datasets 2 processes
Writing 1000 datasets.
Reading from dset_stats.csv
Time: 0.377934
137 MB
srun: Job 13244313 step creation temporarily disabled, retrying
srun: Step created for job 13244313
Writing 1000 datasets.
Reading from dset_stats.csv
srun: error: nid00927: task 1: Segmentation fault
srun: Terminating job step 13244313.63
slurmstepd: error: *** STEP 13244313.63 ON nid00890 CANCELLED AT 2018-06-20T14:52:46 ***
srun: error: nid00890: task 0: Terminated
srun: Force Terminated job step 13244313.63
submiting 3-th job to lustre:1000 datasets 4 processes
submiting 3-th job to rados:1000 datasets 4 processes
Writing 1000 datasets.
Reading from dset_stats.csv
Time: 0.367368
137 MB
srun: Job 13244313 step creation temporarily disabled, retrying
srun: Step created for job 13244313
Writing 1000 datasets.
Reading from dset_stats.csv
srun: error: nid00927: tasks 2-3: Segmentation fault
srun: Terminating job step 13244313.65
MPICH2 ERROR [Rank 0] [job id 279186118553] [Wed Jun 20 14:53:10 2018] [c4-0c1s14n2] [nid00890] - MPID_nem_gni_check_localCQ(): GNI_CQ_EVENT_TYPE_SMSG had error (SOURCE_SSID:AT_MDD_INV:CPLTN_DREQ)
Rank 0 [Wed Jun 20 14:53:10 2018] [c4-0c1s14n2] Fatal error in PMPI_Bcast: Other MPI error, error stack:
PMPI_Bcast(1614)..................: MPI_Bcast(buf=0x7fffffff5c80, count=1024, MPI_BYTE, root=0, comm=0xc4000002) failed
MPIR_Bcast_impl(1454).............: 
MPIR_CRAY_Bcast(1101).............: 
MPIR_CRAY_Bcast_Tree(439).........: 
MPIR_Waitall_impl(221)............: 
MPIDI_CH3I_Progress(537)..........: 
MPID_nem_mpich_blocking_recv(1140): 
MPID_nem_gni_poll(1563)...........: 
MPID_nem_gni_check_localCQ(632)...:  unrecoverable application network transaction error
MPIR_CRAY_Bcast(1155).............: 
MPIR_CRAY_Bcast_Tree(470).........: Failure during collective
srun: error: nid00890: task 0: Aborted
slurmstepd: error: *** STEP 13244313.65 ON nid00890 CANCELLED AT 2018-06-20T14:54:56 ***
srun: error: nid00890: task 1: Terminated
srun: Force Terminated job step 13244313.65
submiting 3-th job to lustre:1000 datasets 8 processes
submiting 3-th job to rados:1000 datasets 8 processes
Writing 1000 datasets.
Reading from dset_stats.csv
srun: error: nid00927: tasks 4-7: Segmentation fault
srun: Terminating job step 13244313.66
slurmstepd: error: *** STEP 13244313.66 ON nid00890 CANCELLED AT 2018-06-20T14:55:06 ***
srun: error: nid00890: tasks 0-3: Terminated
srun: Force Terminated job step 13244313.66
srun: Job 13244313 step creation temporarily disabled, retrying
srun: Step created for job 13244313
Writing 1000 datasets.
Reading from dset_stats.csv
Time: 0.371804
137 MB
submiting 3-th job to lustre:1000 datasets 16 processes
submiting 3-th job to rados:1000 datasets 16 processes
Writing 1000 datasets.
Reading from dset_stats.csv
srun: error: nid00927: tasks 9-10,12-14: Segmentation fault
srun: Terminating job step 13244313.68
slurmstepd: error: *** STEP 13244313.68 ON nid00890 CANCELLED AT 2018-06-20T14:55:22 ***
srun: error: nid00890: tasks 0-3,5-7: Terminated
srun: error: nid00927: task 8: Segmentation fault
srun: error: nid00927: tasks 11,15: Terminated
srun: error: nid00890: task 4: Terminated
srun: Force Terminated job step 13244313.68
srun: Job 13244313 step creation temporarily disabled, retrying
srun: Step created for job 13244313
Writing 1000 datasets.
Reading from dset_stats.csv
Time: 0.305181
137 MB
submiting 3-th job to lustre:1000 datasets 32 processes
submiting 3-th job to rados:1000 datasets 32 processes
Writing 1000 datasets.
Reading from dset_stats.csv
srun: error: nid00927: task 16: Segmentation fault
srun: Terminating job step 13244313.70
MPICH2 ERROR [Rank 0] [job id 300660955033] [Wed Jun 20 14:56:12 2018] [c4-0c1s14n2] [nid00890] - MPID_nem_gni_check_localCQ(): GNI_CQ_EVENT_TYPE_SMSG had error (SOURCE_SSID:AT_MDD_INV:CPLTN_DREQ)
Rank 0 [Wed Jun 20 14:56:12 2018] [c4-0c1s14n2] Fatal error in PMPI_Bcast: Other MPI error, error stack:
PMPI_Bcast(1614)..................: MPI_Bcast(buf=0x7fffffff5c80, count=1024, MPI_BYTE, root=0, comm=0xc4000002) failed
MPIR_Bcast_impl(1454).............: 
MPIR_CRAY_Bcast(1101).............: 
MPIR_CRAY_Bcast_Tree(439).........: 
MPIR_Waitall_impl(221)............: 
MPIDI_CH3I_Progress(537)..........: 
MPID_nem_mpich_blocking_recv(1140): 
MPID_nem_gni_poll(1563)...........: 
MPID_nem_gni_check_localCQ(632)...:  unrecoverable application network transaction error
MPIR_CRAY_Bcast(1155).............: 
MPIR_CRAY_Bcast_Tree(470).........: Failure during collective
srun: error: nid00890: task 0: Aborted
srun: error: nid00890: task 15: Segmentation fault
slurmstepd: error: *** STEP 13244313.70 ON nid00890 CANCELLED AT 2018-06-20T14:57:17 ***
srun: error: nid00890: tasks 1,3-14: Terminated
srun: error: nid00927: tasks 17-18,20,25,27-31: Terminated
srun: error: nid00890: task 2: Terminated
srun: error: nid00927: tasks 19,21-24,26: Terminated
srun: Force Terminated job step 13244313.70
srun: Job 13244313 step creation temporarily disabled, retrying
srun: Step created for job 13244313
Writing 1000 datasets.
Reading from dset_stats.csv
Time: 0.407869
137 MB
submiting 1-th job to lustre:10000 datasets 1 processes
submiting 1-th job to rados:10000 datasets 1 processes
srun: Warning: can't run 1 processes on 2 nodes, setting nnodes to 1
srun: Warning: can't run 1 processes on 2 nodes, setting nnodes to 1
Writing 10000 datasets.
Reading from dset_stats.csv
Writing 10000 datasets.
Reading from dset_stats.csv
Time: 5.848464
1295 MB
Time: 74.085800
1291 MB
submiting 1-th job to lustre:10000 datasets 2 processes
submiting 1-th job to rados:10000 datasets 2 processes
Writing 10000 datasets.
Reading from dset_stats.csv
srun: error: nid00927: task 1: Segmentation fault
srun: Terminating job step 13244313.74
MPICH2 ERROR [Rank 0] [job id 317840824217] [Wed Jun 20 15:01:08 2018] [c4-0c1s14n2] [nid00890] - MPID_nem_gni_check_localCQ(): GNI_CQ_EVENT_TYPE_SMSG had error (SOURCE_SSID:AT_MDD_INV:CPLTN_DREQ)
Rank 0 [Wed Jun 20 15:01:08 2018] [c4-0c1s14n2] Fatal error in PMPI_Bcast: Other MPI error, error stack:
PMPI_Bcast(1614)..................: MPI_Bcast(buf=0x7fffffff5c80, count=1024, MPI_BYTE, root=0, comm=0x84000002) failed
MPIR_Bcast_impl(1454).............: 
MPIR_CRAY_Bcast(1220).............: 
MPIR_CRAY_Bcast_Tree(439).........: 
MPIR_Waitall_impl(221)............: 
MPIDI_CH3I_Progress(537)..........: 
MPID_nem_mpich_blocking_recv(1125): 
MPID_nem_gni_poll(1563)...........: 
MPID_nem_gni_check_localCQ(632)...:  unrecoverable application network transaction error
srun: error: nid00890: task 0: Aborted
Writing 10000 datasets.
Reading from dset_stats.csv
Time: 10.637146
1295 MB
submiting 1-th job to lustre:10000 datasets 4 processes
submiting 1-th job to rados:10000 datasets 4 processes
Writing 10000 datasets.
Reading from dset_stats.csv
Time: 8.396305
1295 MB
srun: Job 13244313 step creation temporarily disabled, retrying
srun: Step created for job 13244313
Writing 10000 datasets.
Reading from dset_stats.csv
srun: error: nid00890: task 1: Segmentation fault
srun: Terminating job step 13244313.77
srun: error: nid00927: tasks 2-3: Segmentation fault
slurmstepd: error: *** STEP 13244313.77 ON nid00890 CANCELLED AT 2018-06-20T15:03:49 ***
srun: error: nid00890: task 0: Terminated
srun: Force Terminated job step 13244313.77
submiting 1-th job to lustre:10000 datasets 8 processes
submiting 1-th job to rados:10000 datasets 8 processes
Writing 10000 datasets.
Reading from dset_stats.csv
srun: error: nid00927: tasks 4-6: Segmentation fault
srun: Terminating job step 13244313.78
srun: error: nid00890: tasks 1-2: Segmentation fault
MPICH2 ERROR [Rank 0] [job id 335020693401] [Wed Jun 20 15:05:21 2018] [c4-0c1s14n2] [nid00890] - MPID_nem_gni_check_localCQ(): GNI_CQ_EVENT_TYPE_SMSG had error (SOURCE_SSID:AT_MDD_INV:CPLTN_DREQ)
Rank 0 [Wed Jun 20 15:05:21 2018] [c4-0c1s14n2] Fatal error in PMPI_Bcast: Other MPI error, error stack:
PMPI_Bcast(1614)..................: MPI_Bcast(buf=0x7fffffff5c80, count=1024, MPI_BYTE, root=0, comm=0xc4000002) failed
MPIR_Bcast_impl(1454).............: 
MPIR_CRAY_Bcast(1101).............: 
MPIR_CRAY_Bcast_Tree(439).........: 
MPIR_Waitall_impl(221)............: 
MPIDI_CH3I_Progress(537)..........: 
MPID_nem_mpich_blocking_recv(1140): 
MPID_nem_gni_poll(1563)...........: 
MPID_nem_gni_check_localCQ(632)...:  unrecoverable application network transaction error
MPIR_CRAY_Bcast(1155).............: 
MPIR_CRAY_Bcast_Tree(470).........: Failure during collective
srun: error: nid00890: task 0: Aborted
slurmstepd: error: *** STEP 13244313.78 ON nid00890 CANCELLED AT 2018-06-20T15:05:25 ***
srun: error: nid00927: task 7: Terminated
srun: error: nid00890: task 3: Terminated
srun: Force Terminated job step 13244313.78
srun: Job 13244313 step creation temporarily disabled, retrying
srun: Step created for job 13244313
Writing 10000 datasets.
Reading from dset_stats.csv
Time: 7.051127
1295 MB
submiting 1-th job to lustre:10000 datasets 16 processes
submiting 1-th job to rados:10000 datasets 16 processes
Writing 10000 datasets.
Reading from dset_stats.csv
Time: 6.913843
1295 MB
srun: Job 13244313 step creation temporarily disabled, retrying
srun: Step created for job 13244313
Writing 10000 datasets.
Reading from dset_stats.csv
srun: error: nid00890: tasks 1-2,4-5,7: Segmentation fault
srun: Terminating job step 13244313.81
MPICH2 ERROR [Rank 0] [job id 347905595289] [Wed Jun 20 15:07:13 2018] [c4-0c1s14n2] [nid00890] - MPID_nem_gni_check_localCQ(): GNI_CQ_EVENT_TYPE_SMSG had error (SOURCE_SSID:AT_MDD_INV:CPLTN_DREQ)
Rank 0 [Wed Jun 20 15:07:13 2018] [c4-0c1s14n2] Fatal error in PMPI_Bcast: Other MPI error, error stack:
PMPI_Bcast(1614)..................: MPI_Bcast(buf=0x7fffffff5c80, count=1024, MPI_BYTE, root=0, comm=0xc4000002) failed
MPIR_Bcast_impl(1454).............: 
MPIR_CRAY_Bcast(1101).............: 
MPIR_CRAY_Bcast_Tree(439).........: 
MPIR_Waitall_impl(221)............: 
MPIDI_CH3I_Progress(537)..........: 
MPID_nem_mpich_blocking_recv(1140): 
MPID_nem_gni_poll(1563)...........: 
MPID_nem_gni_check_localCQ(632)...:  unrecoverable application network transaction error
MPIR_CRAY_Bcast(1155).............: 
MPIR_CRAY_Bcast_Tree(470).........: Failure during collective
srun: error: nid00927: tasks 8-15: Segmentation fault
srun: error: nid00890: task 0: Aborted
slurmstepd: error: *** STEP 13244313.81 ON nid00890 CANCELLED AT 2018-06-20T15:07:27 ***
srun: error: nid00890: tasks 3,6: Terminated
srun: Force Terminated job step 13244313.81
submiting 1-th job to lustre:10000 datasets 32 processes
submiting 1-th job to rados:10000 datasets 32 processes
Writing 10000 datasets.
Reading from dset_stats.csv
Time: 8.312795
1295 MB
srun: Job 13244313 step creation temporarily disabled, retrying
srun: Step created for job 13244313
Writing 10000 datasets.
Reading from dset_stats.csv
srun: error: nid00927: task 16: Segmentation fault
srun: Terminating job step 13244313.83
srun: error: nid00890: tasks 2-4,6-9,11-14: Segmentation fault
slurmstepd: error: *** STEP 13244313.83 ON nid00890 CANCELLED AT 2018-06-20T15:09:14 ***
srun: error: nid00890: tasks 0,10,15: Terminated
srun: error: nid00927: tasks 19,21-23,25,28-29: Terminated
srun: error: nid00927: tasks 17,24,26-27,31: Terminated
srun: error: nid00890: tasks 1,5: Terminated
srun: error: nid00927: tasks 18,20,30: Terminated
srun: Force Terminated job step 13244313.83
submiting 2-th job to lustre:10000 datasets 1 processes
submiting 2-th job to rados:10000 datasets 1 processes
srun: Warning: can't run 1 processes on 2 nodes, setting nnodes to 1
srun: Warning: can't run 1 processes on 2 nodes, setting nnodes to 1
Writing 10000 datasets.
Reading from dset_stats.csv
Writing 10000 datasets.
Reading from dset_stats.csv
Time: 5.986196
1295 MB
srun: Job step aborted: Waiting up to 32 seconds for job step to finish.
slurmstepd: error: *** STEP 13244313.85 ON nid00927 CANCELLED AT 2018-06-20T15:11:07 DUE TO TIME LIMIT ***
srun: got SIGCONT
srun: forcing job termination
